Component: ARM Compiler 5.06 update 6 (build 750) Tool: armlink [4d35ed]

==============================================================================

Section Cross References

    startup.o(STACK) refers (Special) to heapauxi.o(.text) for __use_two_region_memory
    startup.o(HEAP) refers (Special) to heapauxi.o(.text) for __use_two_region_memory
    startup.o(RESET) refers (Special) to heapauxi.o(.text) for __use_two_region_memory
    startup.o(RESET) refers to timer.o(i.T0isr) for T0isr
    startup.o(RESET) refers to startup.o(STACK) for Stack_Top
    startup.o(RESET) refers to __main.o(!!!main) for __main
    startup.o(.text) refers (Special) to heapauxi.o(.text) for __use_two_region_memory
    startup.o(.text) refers to startup.o(HEAP) for Heap_Mem
    startup.o(.text) refers to startup.o(STACK) for Stack_Mem
    main.o(i.main) refers to _printf_pad.o(.text) for _printf_pre_padding
    main.o(i.main) refers to _printf_percent.o(.ARM.Collect$$_printf_percent$$00000000) for _printf_percent
    main.o(i.main) refers to _printf_x.o(.ARM.Collect$$_printf_percent$$0000000C) for _printf_x
    main.o(i.main) refers to _printf_hex_int.o(.text) for _printf_longlong_hex
    main.o(i.main) refers to _printf_d.o(.ARM.Collect$$_printf_percent$$00000009) for _printf_d
    main.o(i.main) refers to _printf_dec.o(.text) for _printf_int_dec
    main.o(i.main) refers to main.o(i.setup_function) for setup_function
    main.o(i.main) refers to lidar.o(i.Lidar_config) for Lidar_config
    main.o(i.main) refers to lidar.o(i.read_distance) for read_distance
    main.o(i.main) refers to noretval__2printf.o(.text) for __2printf
    main.o(i.main) refers to main.o(.data) for distance_lidar_hex
    main.o(i.setup_function) refers to uart.o(i.initUART) for initUART
    main.o(i.setup_function) refers to timer.o(i.initTimer) for initTimer
    main.o(i.setup_function) refers to i2c_communication.o(i.I2C_init) for I2C_init
    timer.o(i.T0isr) refers to timer.o(.data) for state
    i2c_communication.o(i.LidarRead_8bits) refers to i2c_communication.o(i.Lidar_start_condition) for Lidar_start_condition
    i2c_communication.o(i.LidarRead_8bits) refers to i2c_communication.o(i.wait_for_response) for wait_for_response
    i2c_communication.o(i.LidarRead_8bits) refers to noretval__2printf.o(.text) for __2printf
    i2c_communication.o(i.LidarRead_8bits) refers to i2c_communication.o(i.Lidar_stop_condition) for Lidar_stop_condition
    i2c_communication.o(i.LidarWrite_8bits) refers to i2c_communication.o(i.Lidar_start_condition) for Lidar_start_condition
    i2c_communication.o(i.LidarWrite_8bits) refers to i2c_communication.o(i.wait_for_response) for wait_for_response
    i2c_communication.o(i.LidarWrite_8bits) refers to noretval__2printf.o(.text) for __2printf
    i2c_communication.o(i.LidarWrite_8bits) refers to i2c_communication.o(i.Lidar_stop_condition) for Lidar_stop_condition
    retarget.o(i._sys_exit) refers (Special) to use_no_semi.o(.text) for __use_no_semihosting_swi
    retarget.o(i._ttywrch) refers (Special) to use_no_semi.o(.text) for __use_no_semihosting_swi
    retarget.o(i._ttywrch) refers to uart.o(i.U0Write) for U0Write
    retarget.o(i.ferror) refers (Special) to use_no_semi.o(.text) for __use_no_semihosting_swi
    retarget.o(i.fputc) refers (Special) to use_no_semi.o(.text) for __use_no_semihosting_swi
    retarget.o(i.fputc) refers to uart.o(i.U0Write) for U0Write
    retarget.o(.data) refers (Special) to use_no_semi.o(.text) for __use_no_semihosting_swi
    lidar.o(i.Lidar_config) refers to i2c_communication.o(i.LidarWrite_8bits) for LidarWrite_8bits
    lidar.o(i.read_distance) refers to _printf_pad.o(.text) for _printf_pre_padding
    lidar.o(i.read_distance) refers to _printf_percent.o(.ARM.Collect$$_printf_percent$$00000000) for _printf_percent
    lidar.o(i.read_distance) refers to _printf_x.o(.ARM.Collect$$_printf_percent$$0000000C) for _printf_x
    lidar.o(i.read_distance) refers to _printf_hex_int.o(.text) for _printf_longlong_hex
    lidar.o(i.read_distance) refers to i2c_communication.o(i.LidarWrite_8bits) for LidarWrite_8bits
    lidar.o(i.read_distance) refers to i2c_communication.o(i.LidarRead_8bits) for LidarRead_8bits
    lidar.o(i.read_distance) refers to noretval__2printf.o(.text) for __2printf
    __2printf.o(.text) refers to _printf_char_file.o(.text) for _printf_char_file
    __2printf.o(.text) refers to retarget.o(.data) for __stdout
    noretval__2printf.o(.text) refers to _printf_char_file.o(.text) for _printf_char_file
    noretval__2printf.o(.text) refers to retarget.o(.data) for __stdout
    __printf.o(.text) refers to __printf.o(i.__ARM_common_call_via_r1) for __ARM_common_call_via_r1
    __printf.o(.text) refers to _printf_percent.o(.ARM.Collect$$_printf_percent$$00000000) for _printf_percent
    __printf.o(.text) refers to __printf.o(i.__ARM_common_call_via_r2) for __ARM_common_call_via_r2
    _printf_pad.o(.text) refers to __printf.o(i.__ARM_common_call_via_r2) for __ARM_common_call_via_r2
    _printf_dec.o(.text) refers to rtudiv10.o(.text) for __rt_udiv10
    _printf_dec.o(.text) refers to _printf_intcommon.o(.text) for _printf_int_common
    _printf_hex_ll.o(.text) refers to _printf_intcommon.o(.text) for _printf_int_common
    _printf_hex_ll.o(.text) refers to _printf_hex_ll.o(.constdata) for .constdata
    _printf_hex_int.o(.text) refers to _printf_intcommon.o(.text) for _printf_int_common
    _printf_hex_int.o(.text) refers to _printf_hex_int.o(.constdata) for .constdata
    _printf_hex_int_ll.o(.text) refers to _printf_intcommon.o(.text) for _printf_int_common
    _printf_hex_int_ll.o(.text) refers to _printf_hex_int_ll.o(.constdata) for .constdata
    _printf_hex_ptr.o(.text) refers to _printf_intcommon.o(.text) for _printf_int_common
    _printf_hex_ptr.o(.text) refers to _printf_hex_ptr.o(.constdata) for .constdata
    _printf_hex_int_ptr.o(.text) refers to _printf_intcommon.o(.text) for _printf_int_common
    _printf_hex_int_ptr.o(.text) refers to _printf_hex_int_ptr.o(.constdata) for .constdata
    _printf_hex_ll_ptr.o(.text) refers to _printf_intcommon.o(.text) for _printf_int_common
    _printf_hex_ll_ptr.o(.text) refers to _printf_hex_ll_ptr.o(.constdata) for .constdata
    _printf_hex_int_ll_ptr.o(.text) refers to _printf_intcommon.o(.text) for _printf_int_common
    _printf_hex_int_ll_ptr.o(.text) refers to _printf_hex_int_ll_ptr.o(.constdata) for .constdata
    __printf_flags.o(.text) refers to __printf.o(i.__ARM_common_call_via_r1) for __ARM_common_call_via_r1
    __printf_flags.o(.text) refers to _printf_percent.o(.ARM.Collect$$_printf_percent$$00000000) for _printf_percent
    __printf_flags.o(.text) refers to __printf.o(i.__ARM_common_call_via_r2) for __ARM_common_call_via_r2
    __printf_flags.o(.text) refers to __printf_flags.o(.constdata) for .constdata
    __printf_ss.o(.text) refers to __printf.o(i.__ARM_common_call_via_r1) for __ARM_common_call_via_r1
    __printf_ss.o(.text) refers to _printf_percent.o(.ARM.Collect$$_printf_percent$$00000000) for _printf_percent
    __printf_ss.o(.text) refers to __printf.o(i.__ARM_common_call_via_r2) for __ARM_common_call_via_r2
    __printf_flags_ss.o(.text) refers to __printf.o(i.__ARM_common_call_via_r1) for __ARM_common_call_via_r1
    __printf_flags_ss.o(.text) refers to _printf_percent.o(.ARM.Collect$$_printf_percent$$00000000) for _printf_percent
    __printf_flags_ss.o(.text) refers to __printf.o(i.__ARM_common_call_via_r2) for __ARM_common_call_via_r2
    __printf_flags_ss.o(.text) refers to __printf_flags_ss.o(.constdata) for .constdata
    __printf_wp.o(.text) refers to __printf.o(i.__ARM_common_call_via_r1) for __ARM_common_call_via_r1
    __printf_wp.o(.text) refers to __printf_wp.o(i._is_digit) for _is_digit
    __printf_wp.o(.text) refers to _printf_percent.o(.ARM.Collect$$_printf_percent$$00000000) for _printf_percent
    __printf_wp.o(.text) refers to __printf.o(i.__ARM_common_call_via_r2) for __ARM_common_call_via_r2
    __printf_flags_wp.o(.text) refers to __printf.o(i.__ARM_common_call_via_r1) for __ARM_common_call_via_r1
    __printf_flags_wp.o(.text) refers to __printf_wp.o(i._is_digit) for _is_digit
    __printf_flags_wp.o(.text) refers to _printf_percent.o(.ARM.Collect$$_printf_percent$$00000000) for _printf_percent
    __printf_flags_wp.o(.text) refers to __printf.o(i.__ARM_common_call_via_r2) for __ARM_common_call_via_r2
    __printf_flags_wp.o(.text) refers to __printf_flags_wp.o(.constdata) for .constdata
    __printf_ss_wp.o(.text) refers to __printf.o(i.__ARM_common_call_via_r1) for __ARM_common_call_via_r1
    __printf_ss_wp.o(.text) refers to __printf_wp.o(i._is_digit) for _is_digit
    __printf_ss_wp.o(.text) refers to _printf_percent.o(.ARM.Collect$$_printf_percent$$00000000) for _printf_percent
    __printf_ss_wp.o(.text) refers to __printf.o(i.__ARM_common_call_via_r2) for __ARM_common_call_via_r2
    __printf_flags_ss_wp.o(.text) refers to __printf.o(i.__ARM_common_call_via_r1) for __ARM_common_call_via_r1
    __printf_flags_ss_wp.o(.text) refers to __printf_wp.o(i._is_digit) for _is_digit
    __printf_flags_ss_wp.o(.text) refers to _printf_percent.o(.ARM.Collect$$_printf_percent$$00000000) for _printf_percent
    __printf_flags_ss_wp.o(.text) refers to __printf.o(i.__ARM_common_call_via_r2) for __ARM_common_call_via_r2
    __printf_flags_ss_wp.o(.text) refers to __printf_flags_ss_wp.o(.constdata) for .constdata
    _printf_x.o(.ARM.Collect$$_printf_percent$$0000000C) refers (Weak) to _printf_hex_int.o(.text) for _printf_int_hex
    _printf_d.o(.ARM.Collect$$_printf_percent$$00000009) refers (Weak) to _printf_dec.o(.text) for _printf_int_dec
    _printf_percent.o(.ARM.Collect$$_printf_percent$$00000000) refers (Special) to _printf_percent_end.o(.ARM.Collect$$_printf_percent$$00000017) for _printf_percent_end
    __main.o(!!!main) refers to __rtentry.o(.ARM.Collect$$rtentry$$00000000) for __rt_entry
    __rtentry.o(.ARM.Collect$$rtentry$$00000000) refers (Special) to __rtentry2.o(.ARM.Collect$$rtentry$$0000000A) for __rt_entry_li
    __rtentry.o(.ARM.Collect$$rtentry$$00000000) refers (Special) to __rtentry2.o(.ARM.Collect$$rtentry$$0000000D) for __rt_entry_main
    __rtentry.o(.ARM.Collect$$rtentry$$00000000) refers (Special) to __rtentry2.o(.ARM.Collect$$rtentry$$0000000C) for __rt_entry_postli_1
    __rtentry.o(.ARM.Collect$$rtentry$$00000000) refers (Special) to __rtentry2.o(.ARM.Collect$$rtentry$$00000009) for __rt_entry_postsh_1
    __rtentry.o(.ARM.Collect$$rtentry$$00000000) refers (Special) to __rtentry2.o(.ARM.Collect$$rtentry$$00000002) for __rt_entry_presh_1
    __rtentry.o(.ARM.Collect$$rtentry$$00000000) refers (Special) to __rtentry4.o(.ARM.Collect$$rtentry$$00000004) for __rt_entry_sh
    _printf_intcommon.o(.text) refers (Weak) to _printf_pad.o(.text) for _printf_pre_padding
    _printf_intcommon.o(.text) refers to __printf.o(i.__ARM_common_call_via_r2) for __ARM_common_call_via_r2
    _printf_intcommon.o(.text) refers (Weak) to _printf_pad.o(.text) for _printf_pre_padding
    _printf_intcommon.o(.text) refers (Weak) to _printf_pad.o(.text) for _printf_post_padding
    _printf_char_file.o(.text) refers to _printf_char_common.o(.text) for _printf_char_common
    _printf_char_file.o(.text) refers to retarget.o(i.ferror) for ferror
    _printf_char_file.o(.text) refers to retarget.o(i.fputc) for fputc
    __rtentry2.o(.ARM.Collect$$rtentry$$00000008) refers to boardinit2.o(.text) for _platform_post_stackheap_init
    __rtentry2.o(.ARM.Collect$$rtentry$$0000000A) refers to libinit.o(.ARM.Collect$$libinit$$00000000) for __rt_lib_init
    __rtentry2.o(.ARM.Collect$$rtentry$$0000000B) refers to boardinit3.o(.text) for _platform_post_lib_init
    __rtentry2.o(.ARM.Collect$$rtentry$$0000000D) refers to exit.o(.text) for exit
    __rtentry2.o(.ARM.Collect$$rtentry$$0000000D) refers to main.o(i.main) for main
    __rtentry2.o(.ARM.exidx) refers to __rtentry2.o(.ARM.Collect$$rtentry$$00000001) for .ARM.Collect$$rtentry$$00000001
    __rtentry2.o(.ARM.exidx) refers to __rtentry2.o(.ARM.Collect$$rtentry$$00000008) for .ARM.Collect$$rtentry$$00000008
    __rtentry2.o(.ARM.exidx) refers to __rtentry2.o(.ARM.Collect$$rtentry$$0000000A) for .ARM.Collect$$rtentry$$0000000A
    __rtentry2.o(.ARM.exidx) refers to __rtentry2.o(.ARM.Collect$$rtentry$$0000000B) for .ARM.Collect$$rtentry$$0000000B
    __rtentry2.o(.ARM.exidx) refers to __rtentry2.o(.ARM.Collect$$rtentry$$0000000D) for .ARM.Collect$$rtentry$$0000000D
    __rtentry4.o(.ARM.Collect$$rtentry$$00000004) refers to sys_stackheap_outer.o(.text) for __user_setup_stackheap
    __rtentry4.o(.ARM.exidx) refers to __rtentry4.o(.ARM.Collect$$rtentry$$00000004) for .ARM.Collect$$rtentry$$00000004
    _printf_char_common.o(.text) refers to __printf_flags_wp.o(.text) for __printf
    sys_stackheap_outer.o(.text) refers to libspace.o(.text) for __user_perproc_libspace
    sys_stackheap_outer.o(.text) refers to startup.o(.text) for __user_initial_stackheap
    __printf_nopercent.o(.text) refers to __printf_nopercent.o(i.__ARM_common_call_via_r7) for __ARM_common_call_via_r7
    __printf_nopercent.o(.text) refers to __printf_nopercent.o(i.__ARM_common_call_via_r5) for __ARM_common_call_via_r5
    exit.o(.text) refers to rtexit.o(.ARM.Collect$$rtexit$$00000000) for __rt_exit
    libinit.o(.ARM.Collect$$libinit$$00000000) refers (Special) to libinit2.o(.ARM.Collect$$libinit$$0000002E) for __rt_lib_init_alloca_1
    libinit.o(.ARM.Collect$$libinit$$00000000) refers (Special) to libinit2.o(.ARM.Collect$$libinit$$0000002C) for __rt_lib_init_argv_1
    libinit.o(.ARM.Collect$$libinit$$00000000) refers (Special) to libinit2.o(.ARM.Collect$$libinit$$0000001B) for __rt_lib_init_atexit_1
    libinit.o(.ARM.Collect$$libinit$$00000000) refers (Special) to libinit2.o(.ARM.Collect$$libinit$$00000021) for __rt_lib_init_clock_1
    libinit.o(.ARM.Collect$$libinit$$00000000) refers (Special) to libinit2.o(.ARM.Collect$$libinit$$00000032) for __rt_lib_init_cpp_1
    libinit.o(.ARM.Collect$$libinit$$00000000) refers (Special) to libinit2.o(.ARM.Collect$$libinit$$00000030) for __rt_lib_init_exceptions_1
    libinit.o(.ARM.Collect$$libinit$$00000000) refers (Special) to libinit2.o(.ARM.Collect$$libinit$$00000002) for __rt_lib_init_fp_1
    libinit.o(.ARM.Collect$$libinit$$00000000) refers (Special) to libinit2.o(.ARM.Collect$$libinit$$0000001F) for __rt_lib_init_fp_trap_1
    libinit.o(.ARM.Collect$$libinit$$00000000) refers (Special) to libinit2.o(.ARM.Collect$$libinit$$00000023) for __rt_lib_init_getenv_1
    libinit.o(.ARM.Collect$$libinit$$00000000) refers (Special) to libinit2.o(.ARM.Collect$$libinit$$0000000A) for __rt_lib_init_heap_1
    libinit.o(.ARM.Collect$$libinit$$00000000) refers (Special) to libinit2.o(.ARM.Collect$$libinit$$00000011) for __rt_lib_init_lc_collate_1
    libinit.o(.ARM.Collect$$libinit$$00000000) refers (Special) to libinit2.o(.ARM.Collect$$libinit$$00000013) for __rt_lib_init_lc_ctype_1
    libinit.o(.ARM.Collect$$libinit$$00000000) refers (Special) to libinit2.o(.ARM.Collect$$libinit$$00000015) for __rt_lib_init_lc_monetary_1
    libinit.o(.ARM.Collect$$libinit$$00000000) refers (Special) to libinit2.o(.ARM.Collect$$libinit$$00000017) for __rt_lib_init_lc_numeric_1
    libinit.o(.ARM.Collect$$libinit$$00000000) refers (Special) to libinit2.o(.ARM.Collect$$libinit$$00000019) for __rt_lib_init_lc_time_1
    libinit.o(.ARM.Collect$$libinit$$00000000) refers (Special) to libinit2.o(.ARM.Collect$$libinit$$00000004) for __rt_lib_init_preinit_1
    libinit.o(.ARM.Collect$$libinit$$00000000) refers (Special) to libinit2.o(.ARM.Collect$$libinit$$0000000E) for __rt_lib_init_rand_1
    libinit.o(.ARM.Collect$$libinit$$00000000) refers (Special) to libinit2.o(.ARM.Collect$$libinit$$00000033) for __rt_lib_init_return
    libinit.o(.ARM.Collect$$libinit$$00000000) refers (Special) to libinit2.o(.ARM.Collect$$libinit$$0000001D) for __rt_lib_init_signal_1
    libinit.o(.ARM.Collect$$libinit$$00000000) refers (Special) to libinit2.o(.ARM.Collect$$libinit$$00000025) for __rt_lib_init_stdio_1
    libinit.o(.ARM.Collect$$libinit$$00000000) refers (Special) to libinit2.o(.ARM.Collect$$libinit$$0000000C) for __rt_lib_init_user_alloc_1
    libspace.o(.text) refers to libspace.o(.bss) for __libspace_start
    rtexit.o(.ARM.Collect$$rtexit$$00000000) refers (Special) to rtexit2.o(.ARM.Collect$$rtexit$$00000004) for __rt_exit_exit
    rtexit.o(.ARM.Collect$$rtexit$$00000000) refers (Special) to rtexit2.o(.ARM.Collect$$rtexit$$00000003) for __rt_exit_ls
    rtexit.o(.ARM.Collect$$rtexit$$00000000) refers (Special) to rtexit2.o(.ARM.Collect$$rtexit$$00000002) for __rt_exit_prels_1
    rtexit.o(.ARM.exidx) refers (Special) to rtexit2.o(.ARM.Collect$$rtexit$$00000004) for __rt_exit_exit
    rtexit.o(.ARM.exidx) refers (Special) to rtexit2.o(.ARM.Collect$$rtexit$$00000003) for __rt_exit_ls
    rtexit.o(.ARM.exidx) refers (Special) to rtexit2.o(.ARM.Collect$$rtexit$$00000002) for __rt_exit_prels_1
    rtexit.o(.ARM.exidx) refers to rtexit.o(.ARM.Collect$$rtexit$$00000000) for .ARM.Collect$$rtexit$$00000000
    libinit2.o(.ARM.Collect$$libinit$$00000001) refers to fpinit.o(x$fpl$fpinit) for _fp_init
    libinit2.o(.ARM.Collect$$libinit$$00000010) refers to libinit2.o(.ARM.Collect$$libinit$$0000000F) for .ARM.Collect$$libinit$$0000000F
    libinit2.o(.ARM.Collect$$libinit$$00000012) refers to libinit2.o(.ARM.Collect$$libinit$$0000000F) for .ARM.Collect$$libinit$$0000000F
    libinit2.o(.ARM.Collect$$libinit$$00000014) refers to libinit2.o(.ARM.Collect$$libinit$$0000000F) for .ARM.Collect$$libinit$$0000000F
    libinit2.o(.ARM.Collect$$libinit$$00000016) refers to libinit2.o(.ARM.Collect$$libinit$$0000000F) for .ARM.Collect$$libinit$$0000000F
    libinit2.o(.ARM.Collect$$libinit$$00000018) refers to libinit2.o(.ARM.Collect$$libinit$$0000000F) for .ARM.Collect$$libinit$$0000000F
    libinit2.o(.ARM.Collect$$libinit$$00000026) refers to argv_veneer.o(.emb_text) for __ARM_argv_veneer
    libinit2.o(.ARM.Collect$$libinit$$00000027) refers to argv_veneer.o(.emb_text) for __ARM_argv_veneer
    rtexit2.o(.ARM.Collect$$rtexit$$00000003) refers to libshutdown.o(.ARM.Collect$$libshutdown$$00000000) for __rt_lib_shutdown
    rtexit2.o(.ARM.Collect$$rtexit$$00000004) refers to retarget.o(i._sys_exit) for _sys_exit
    rtexit2.o(.ARM.exidx) refers to rtexit2.o(.ARM.Collect$$rtexit$$00000001) for .ARM.Collect$$rtexit$$00000001
    rtexit2.o(.ARM.exidx) refers to rtexit2.o(.ARM.Collect$$rtexit$$00000003) for .ARM.Collect$$rtexit$$00000003
    rtexit2.o(.ARM.exidx) refers to rtexit2.o(.ARM.Collect$$rtexit$$00000004) for .ARM.Collect$$rtexit$$00000004
    argv_veneer.o(.emb_text) refers to no_argv.o(.text) for __ARM_get_argv
    _get_argv_nomalloc.o(.text) refers (Special) to hrguard.o(.text) for __heap_region$guard
    _get_argv_nomalloc.o(.text) refers to defsig_rtmem_outer.o(.text) for __rt_SIGRTMEM
    _get_argv_nomalloc.o(.text) refers to sys_command.o(.text) for _sys_command_string
    libshutdown.o(.ARM.Collect$$libshutdown$$00000000) refers (Special) to libshutdown2.o(.ARM.Collect$$libshutdown$$00000002) for __rt_lib_shutdown_cpp_1
    libshutdown.o(.ARM.Collect$$libshutdown$$00000000) refers (Special) to libshutdown2.o(.ARM.Collect$$libshutdown$$00000007) for __rt_lib_shutdown_fp_trap_1
    libshutdown.o(.ARM.Collect$$libshutdown$$00000000) refers (Special) to libshutdown2.o(.ARM.Collect$$libshutdown$$0000000F) for __rt_lib_shutdown_heap_1
    libshutdown.o(.ARM.Collect$$libshutdown$$00000000) refers (Special) to libshutdown2.o(.ARM.Collect$$libshutdown$$00000010) for __rt_lib_shutdown_return
    libshutdown.o(.ARM.Collect$$libshutdown$$00000000) refers (Special) to libshutdown2.o(.ARM.Collect$$libshutdown$$0000000A) for __rt_lib_shutdown_signal_1
    libshutdown.o(.ARM.Collect$$libshutdown$$00000000) refers (Special) to libshutdown2.o(.ARM.Collect$$libshutdown$$00000004) for __rt_lib_shutdown_stdio_1
    libshutdown.o(.ARM.Collect$$libshutdown$$00000000) refers (Special) to libshutdown2.o(.ARM.Collect$$libshutdown$$0000000C) for __rt_lib_shutdown_user_alloc_1
    sys_command.o(.text) refers (Special) to use_no_semi.o(.text) for __I$use$semihosting
    sys_command.o(.text) refers (Special) to indicate_semi.o(.text) for __semihosting_library_function
    defsig_rtmem_outer.o(.text) refers to defsig_rtmem_inner.o(.text) for __rt_SIGRTMEM_inner
    defsig_rtmem_outer.o(.text) refers to defsig_exit.o(.text) for __sig_exit
    defsig_rtmem_formal.o(.text) refers to rt_raise.o(.text) for __rt_raise
    rt_raise.o(.text) refers to __raise.o(.text) for __raise
    rt_raise.o(.text) refers to retarget.o(i._sys_exit) for _sys_exit
    defsig_exit.o(.text) refers to retarget.o(i._sys_exit) for _sys_exit
    defsig_rtmem_inner.o(.text) refers to defsig_general.o(.text) for __default_signal_display
    __raise.o(.text) refers to __printf.o(i.__ARM_common_call_via_r2) for __ARM_common_call_via_r2
    __raise.o(.text) refers to defsig.o(CL$$defsig) for __default_signal_handler
    defsig_general.o(.text) refers to retarget.o(i._ttywrch) for _ttywrch
    defsig.o(CL$$defsig) refers to defsig_rtmem_inner.o(.text) for __rt_SIGRTMEM_inner
    defsig_abrt_inner.o(.text) refers to defsig_general.o(.text) for __default_signal_display
    defsig_fpe_inner.o(.text) refers to defsig_general.o(.text) for __default_signal_display
    defsig_rtred_inner.o(.text) refers to defsig_general.o(.text) for __default_signal_display
    defsig_stak_inner.o(.text) refers to defsig_general.o(.text) for __default_signal_display
    defsig_pvfn_inner.o(.text) refers to defsig_general.o(.text) for __default_signal_display
    defsig_cppl_inner.o(.text) refers to defsig_general.o(.text) for __default_signal_display
    defsig_segv_inner.o(.text) refers to defsig_general.o(.text) for __default_signal_display
    defsig_other.o(.text) refers to defsig_general.o(.text) for __default_signal_display


==============================================================================

Removing Unused input sections from the image.

    Removing main.o(i.blink_led), (4 bytes).
    Removing timer.o(i.delayMS), (60 bytes).
    Removing uart.o(i.U0Read), (40 bytes).
    Removing retarget.o(i._ttywrch), (24 bytes).

4 unused section(s) (total 128 bytes) removed from the image.

==============================================================================

Adding Veneers to the image

    Adding TA veneer (4 bytes, Inline) for call to '_printf_percent' from __printf_flags_wp.o(.text).
    Adding AT veneer (8 bytes, Inline) for call to '__rt_lib_init' from __rtentry2.o(.ARM.Collect$$rtentry$$0000000A).
    Adding AT veneer (8 bytes, Inline) for call to '__rt_lib_shutdown' from rtexit2.o(.ARM.Collect$$rtexit$$00000003).
    Adding TA veneer (4 bytes, Inline) for call to '__rt_exit' from exit.o(.text).
    Adding AT veneer (8 bytes, Inline) for call to '__2printf' from i2c_communication.o(i.LidarRead_8bits).
    Adding AT veneer (8 bytes, Inline) for call to '_printf_int_dec' from _printf_d.o(.ARM.Collect$$_printf_percent$$00000009).
    Adding AT veneer (8 bytes, Inline) for call to '_printf_int_hex' from _printf_x.o(.ARM.Collect$$_printf_percent$$0000000C).
    Adding TA veneer (4 bytes, Inline) for call to '__rt_udiv10' from _printf_dec.o(.text).
    Adding TA veneer (4 bytes, Inline) for call to 'ferror' from _printf_char_file.o(.text).

9 Veneer(s) (total 56 bytes) added to the image.

==============================================================================

Image Symbol Table

    Local Symbols

    Symbol Name                              Value     Ov Type        Size  Object(Section)

    RESET                                    0x00000000   Section      248  startup.o(RESET)
    ../clib/angel/boardlib.s                 0x00000000   Number         0  boardshut.o ABSOLUTE
    ../clib/angel/boardlib.s                 0x00000000   Number         0  boardinit1.o ABSOLUTE
    ../clib/angel/boardlib.s                 0x00000000   Number         0  boardinit3.o ABSOLUTE
    ../clib/angel/boardlib.s                 0x00000000   Number         0  boardinit2.o ABSOLUTE
    ../clib/angel/handlers.s                 0x00000000   Number         0  __scatter_zi.o ABSOLUTE
    ../clib/angel/handlers.s                 0x00000000   Number         0  __scatter_copy.o ABSOLUTE
    ../clib/angel/kernel.s                   0x00000000   Number         0  __rtentry2.o ABSOLUTE
    ../clib/angel/kernel.s                   0x00000000   Number         0  __rtentry.o ABSOLUTE
    ../clib/angel/kernel.s                   0x00000000   Number         0  rtexit2.o ABSOLUTE
    ../clib/angel/kernel.s                   0x00000000   Number         0  rtexit.o ABSOLUTE
    ../clib/angel/kernel.s                   0x00000000   Number         0  __rtentry4.o ABSOLUTE
    ../clib/angel/rt.s                       0x00000000   Number         0  rt_raise.o ABSOLUTE
    ../clib/angel/scatter.s                  0x00000000   Number         0  __scatter.o ABSOLUTE
    ../clib/angel/startup.s                  0x00000000   Number         0  __main.o ABSOLUTE
    ../clib/angel/sys.s                      0x00000000   Number         0  indicate_semi.o ABSOLUTE
    ../clib/angel/sys.s                      0x00000000   Number         0  sys_stackheap_outer.o ABSOLUTE
    ../clib/angel/sys.s                      0x00000000   Number         0  use_no_semi.o ABSOLUTE
    ../clib/angel/sys.s                      0x00000000   Number         0  libspace.o ABSOLUTE
    ../clib/angel/sysapp.c                   0x00000000   Number         0  sys_command.o ABSOLUTE
    ../clib/armsys.c                         0x00000000   Number         0  argv_veneer.o ABSOLUTE
    ../clib/armsys.c                         0x00000000   Number         0  argv_veneer.o ABSOLUTE
    ../clib/armsys.c                         0x00000000   Number         0  _get_argv_nomalloc.o ABSOLUTE
    ../clib/armsys.c                         0x00000000   Number         0  no_argv.o ABSOLUTE
    ../clib/division.s                       0x00000000   Number         0  rtudiv10.o ABSOLUTE
    ../clib/heapalloc.c                      0x00000000   Number         0  hrguard.o ABSOLUTE
    ../clib/heapaux.c                        0x00000000   Number         0  heapauxi.o ABSOLUTE
    ../clib/libinit.s                        0x00000000   Number         0  libinit2.o ABSOLUTE
    ../clib/libinit.s                        0x00000000   Number         0  libshutdown.o ABSOLUTE
    ../clib/libinit.s                        0x00000000   Number         0  libshutdown2.o ABSOLUTE
    ../clib/libinit.s                        0x00000000   Number         0  libinit.o ABSOLUTE
    ../clib/misc.s                           0x00000000   Number         0  printf_stubs.o ABSOLUTE
    ../clib/printf.c                         0x00000000   Number         0  _printf_hex_ll_ptr.o ABSOLUTE
    ../clib/printf.c                         0x00000000   Number         0  _printf_hex_int_ptr.o ABSOLUTE
    ../clib/printf.c                         0x00000000   Number         0  _printf_hex_ptr.o ABSOLUTE
    ../clib/printf.c                         0x00000000   Number         0  _printf_hex_int_ll.o ABSOLUTE
    ../clib/printf.c                         0x00000000   Number         0  _printf_hex_int.o ABSOLUTE
    ../clib/printf.c                         0x00000000   Number         0  _printf_hex_ll.o ABSOLUTE
    ../clib/printf.c                         0x00000000   Number         0  _printf_char_file.o ABSOLUTE
    ../clib/printf.c                         0x00000000   Number         0  _printf_pad.o ABSOLUTE
    ../clib/printf.c                         0x00000000   Number         0  _printf_dec.o ABSOLUTE
    ../clib/printf.c                         0x00000000   Number         0  __printf_nopercent.o ABSOLUTE
    ../clib/printf.c                         0x00000000   Number         0  _printf_intcommon.o ABSOLUTE
    ../clib/printf.c                         0x00000000   Number         0  _printf_char_common.o ABSOLUTE
    ../clib/printf.c                         0x00000000   Number         0  __2printf.o ABSOLUTE
    ../clib/printf.c                         0x00000000   Number         0  noretval__2printf.o ABSOLUTE
    ../clib/printf.c                         0x00000000   Number         0  __printf_flags.o ABSOLUTE
    ../clib/printf.c                         0x00000000   Number         0  __printf.o ABSOLUTE
    ../clib/printf.c                         0x00000000   Number         0  __printf_ss.o ABSOLUTE
    ../clib/printf.c                         0x00000000   Number         0  __printf_flags_ss.o ABSOLUTE
    ../clib/printf.c                         0x00000000   Number         0  __printf_wp.o ABSOLUTE
    ../clib/printf.c                         0x00000000   Number         0  __printf_flags_wp.o ABSOLUTE
    ../clib/printf.c                         0x00000000   Number         0  _printf_hex_int_ll_ptr.o ABSOLUTE
    ../clib/printf.c                         0x00000000   Number         0  __printf_ss_wp.o ABSOLUTE
    ../clib/printf.c                         0x00000000   Number         0  __printf_flags_ss_wp.o ABSOLUTE
    ../clib/printf_percent.s                 0x00000000   Number         0  _printf_percent.o ABSOLUTE
    ../clib/printf_percent.s                 0x00000000   Number         0  _printf_percent_end.o ABSOLUTE
    ../clib/printf_percent.s                 0x00000000   Number         0  _printf_x.o ABSOLUTE
    ../clib/printf_percent.s                 0x00000000   Number         0  _printf_d.o ABSOLUTE
    ../clib/signal.c                         0x00000000   Number         0  defsig_exit.o ABSOLUTE
    ../clib/signal.c                         0x00000000   Number         0  defsig_cppl_inner.o ABSOLUTE
    ../clib/signal.c                         0x00000000   Number         0  defsig_segv_inner.o ABSOLUTE
    ../clib/signal.c                         0x00000000   Number         0  defsig_other.o ABSOLUTE
    ../clib/signal.c                         0x00000000   Number         0  defsig_rtmem_formal.o ABSOLUTE
    ../clib/signal.c                         0x00000000   Number         0  defsig_general.o ABSOLUTE
    ../clib/signal.c                         0x00000000   Number         0  defsig_abrt_inner.o ABSOLUTE
    ../clib/signal.c                         0x00000000   Number         0  defsig_fpe_inner.o ABSOLUTE
    ../clib/signal.c                         0x00000000   Number         0  defsig_rtmem_inner.o ABSOLUTE
    ../clib/signal.c                         0x00000000   Number         0  defsig_rtred_inner.o ABSOLUTE
    ../clib/signal.c                         0x00000000   Number         0  defsig_stak_inner.o ABSOLUTE
    ../clib/signal.c                         0x00000000   Number         0  __raise.o ABSOLUTE
    ../clib/signal.c                         0x00000000   Number         0  defsig_pvfn_inner.o ABSOLUTE
    ../clib/signal.c                         0x00000000   Number         0  defsig_rtmem_outer.o ABSOLUTE
    ../clib/signal.s                         0x00000000   Number         0  defsig.o ABSOLUTE
    ../clib/stdlib.c                         0x00000000   Number         0  exit.o ABSOLUTE
    ../fplib/fpinit.s                        0x00000000   Number         0  fpinit.o ABSOLUTE
    I2C_COMMUNICATION.c                      0x00000000   Number         0  i2c_communication.o ABSOLUTE
    Retarget.c                               0x00000000   Number         0  retarget.o ABSOLUTE
    Startup.s                                0x00000000   Number         0  startup.o ABSOLUTE
    TIMER.c                                  0x00000000   Number         0  timer.o ABSOLUTE
    UART.c                                   0x00000000   Number         0  uart.o ABSOLUTE
    dc.s                                     0x00000000   Number         0  dc.o ABSOLUTE
    lidar.c                                  0x00000000   Number         0  lidar.o ABSOLUTE
    main.c                                   0x00000000   Number         0  main.o ABSOLUTE
    Undef_Handler                            0x00000040   ARM Code       4  startup.o(RESET)
    SWI_Handler                              0x00000044   ARM Code       4  startup.o(RESET)
    PAbt_Handler                             0x00000048   ARM Code       4  startup.o(RESET)
    DAbt_Handler                             0x0000004c   ARM Code       4  startup.o(RESET)
    IRQ_Handler                              0x00000050   ARM Code       4  startup.o(RESET)
    FIQ_Handler                              0x00000054   ARM Code       4  startup.o(RESET)
    !!!main                                  0x000000f8   Section        8  __main.o(!!!main)
    !!!scatter                               0x00000100   Section       60  __scatter.o(!!!scatter)
    !!handler_copy                           0x0000013c   Section       40  __scatter_copy.o(!!handler_copy)
    !!handler_zi                             0x00000164   Section       44  __scatter_zi.o(!!handler_zi)
    .ARM.Collect$$_printf_percent$$00000000  0x00000194   Section        0  _printf_percent.o(.ARM.Collect$$_printf_percent$$00000000)
    .ARM.Collect$$_printf_percent$$00000009  0x00000194   Section        8  _printf_d.o(.ARM.Collect$$_printf_percent$$00000009)
    .ARM.Collect$$_printf_percent$$0000000C  0x0000019c   Section        8  _printf_x.o(.ARM.Collect$$_printf_percent$$0000000C)
    .ARM.Collect$$_printf_percent$$00000017  0x000001a4   Section        8  _printf_percent_end.o(.ARM.Collect$$_printf_percent$$00000017)
    .ARM.Collect$$libinit$$00000000          0x000001b4   Section        2  libinit.o(.ARM.Collect$$libinit$$00000000)
    .ARM.Collect$$libinit$$00000002          0x000001b6   Section        0  libinit2.o(.ARM.Collect$$libinit$$00000002)
    .ARM.Collect$$libinit$$00000004          0x000001b6   Section        0  libinit2.o(.ARM.Collect$$libinit$$00000004)
    .ARM.Collect$$libinit$$0000000A          0x000001b6   Section        0  libinit2.o(.ARM.Collect$$libinit$$0000000A)
    .ARM.Collect$$libinit$$0000000C          0x000001b6   Section        0  libinit2.o(.ARM.Collect$$libinit$$0000000C)
    .ARM.Collect$$libinit$$0000000E          0x000001b6   Section        0  libinit2.o(.ARM.Collect$$libinit$$0000000E)
    .ARM.Collect$$libinit$$00000011          0x000001b6   Section        0  libinit2.o(.ARM.Collect$$libinit$$00000011)
    .ARM.Collect$$libinit$$00000013          0x000001b6   Section        0  libinit2.o(.ARM.Collect$$libinit$$00000013)
    .ARM.Collect$$libinit$$00000015          0x000001b6   Section        0  libinit2.o(.ARM.Collect$$libinit$$00000015)
    .ARM.Collect$$libinit$$00000017          0x000001b6   Section        0  libinit2.o(.ARM.Collect$$libinit$$00000017)
    .ARM.Collect$$libinit$$00000019          0x000001b6   Section        0  libinit2.o(.ARM.Collect$$libinit$$00000019)
    .ARM.Collect$$libinit$$0000001B          0x000001b6   Section        0  libinit2.o(.ARM.Collect$$libinit$$0000001B)
    .ARM.Collect$$libinit$$0000001D          0x000001b6   Section        0  libinit2.o(.ARM.Collect$$libinit$$0000001D)
    .ARM.Collect$$libinit$$0000001F          0x000001b6   Section        0  libinit2.o(.ARM.Collect$$libinit$$0000001F)
    .ARM.Collect$$libinit$$00000021          0x000001b6   Section        0  libinit2.o(.ARM.Collect$$libinit$$00000021)
    .ARM.Collect$$libinit$$00000023          0x000001b6   Section        0  libinit2.o(.ARM.Collect$$libinit$$00000023)
    .ARM.Collect$$libinit$$00000025          0x000001b6   Section        0  libinit2.o(.ARM.Collect$$libinit$$00000025)
    .ARM.Collect$$libinit$$0000002C          0x000001b6   Section        0  libinit2.o(.ARM.Collect$$libinit$$0000002C)
    .ARM.Collect$$libinit$$0000002E          0x000001b6   Section        0  libinit2.o(.ARM.Collect$$libinit$$0000002E)
    .ARM.Collect$$libinit$$00000030          0x000001b6   Section        0  libinit2.o(.ARM.Collect$$libinit$$00000030)
    .ARM.Collect$$libinit$$00000032          0x000001b6   Section        0  libinit2.o(.ARM.Collect$$libinit$$00000032)
    .ARM.Collect$$libinit$$00000033          0x000001b6   Section       12  libinit2.o(.ARM.Collect$$libinit$$00000033)
    .ARM.Collect$$libshutdown$$00000000      0x000001cc   Section        4  libshutdown.o(.ARM.Collect$$libshutdown$$00000000)
    .ARM.Collect$$libshutdown$$00000002      0x000001d0   Section        0  libshutdown2.o(.ARM.Collect$$libshutdown$$00000002)
    .ARM.Collect$$libshutdown$$00000004      0x000001d0   Section        0  libshutdown2.o(.ARM.Collect$$libshutdown$$00000004)
    .ARM.Collect$$libshutdown$$00000007      0x000001d0   Section        0  libshutdown2.o(.ARM.Collect$$libshutdown$$00000007)
    .ARM.Collect$$libshutdown$$0000000A      0x000001d0   Section        0  libshutdown2.o(.ARM.Collect$$libshutdown$$0000000A)
    .ARM.Collect$$libshutdown$$0000000C      0x000001d0   Section        0  libshutdown2.o(.ARM.Collect$$libshutdown$$0000000C)
    .ARM.Collect$$libshutdown$$0000000F      0x000001d0   Section        0  libshutdown2.o(.ARM.Collect$$libshutdown$$0000000F)
    .ARM.Collect$$libshutdown$$00000010      0x000001d0   Section        6  libshutdown2.o(.ARM.Collect$$libshutdown$$00000010)
    .ARM.Collect$$rtentry$$00000000          0x000001d8   Section        0  __rtentry.o(.ARM.Collect$$rtentry$$00000000)
    .ARM.Collect$$rtentry$$00000002          0x000001d8   Section        0  __rtentry2.o(.ARM.Collect$$rtentry$$00000002)
    .ARM.Collect$$rtentry$$00000004          0x000001d8   Section        8  __rtentry4.o(.ARM.Collect$$rtentry$$00000004)
    .ARM.Collect$$rtentry$$00000009          0x000001e0   Section        0  __rtentry2.o(.ARM.Collect$$rtentry$$00000009)
    .ARM.Collect$$rtentry$$0000000A          0x000001e0   Section        4  __rtentry2.o(.ARM.Collect$$rtentry$$0000000A)
    .ARM.Collect$$rtentry$$0000000C          0x000001e4   Section        0  __rtentry2.o(.ARM.Collect$$rtentry$$0000000C)
    .ARM.Collect$$rtentry$$0000000D          0x000001e4   Section       40  __rtentry2.o(.ARM.Collect$$rtentry$$0000000D)
    .ARM.Collect$$rtexit$$00000000           0x00000210   Section        4  rtexit.o(.ARM.Collect$$rtexit$$00000000)
    .ARM.Collect$$rtexit$$00000002           0x00000214   Section        0  rtexit2.o(.ARM.Collect$$rtexit$$00000002)
    .ARM.Collect$$rtexit$$00000003           0x00000214   Section        4  rtexit2.o(.ARM.Collect$$rtexit$$00000003)
    .ARM.Collect$$rtexit$$00000004           0x00000218   Section        8  rtexit2.o(.ARM.Collect$$rtexit$$00000004)
    .text                                    0x00000220   Section       32  startup.o(.text)
    .text                                    0x00000240   Section        4  use_no_semi.o(.text)
    .text                                    0x0000024c   Section        0  noretval__2printf.o(.text)
    .text                                    0x00000268   Section        0  _printf_pad.o(.text)
    .text                                    0x000002c8   Section        0  _printf_dec.o(.text)
    .text                                    0x00000340   Section        0  _printf_hex_int.o(.text)
    .text                                    0x0000039c   Section        0  __printf_flags_wp.o(.text)
    .text                                    0x000004e4   Section        0  heapauxi.o(.text)
    .text                                    0x000004ea   Section        0  _printf_intcommon.o(.text)
    .text                                    0x000005a4   Section        0  _printf_char_file.o(.text)
    .text                                    0x000005d4   Section       44  rtudiv10.o(.text)
    .text                                    0x00000600   Section        0  _printf_char_common.o(.text)
    _printf_input_char                       0x00000601   Thumb Code    10  _printf_char_common.o(.text)
    .text                                    0x00000630   Section       96  sys_stackheap_outer.o(.text)
    .text                                    0x00000690   Section        0  exit.o(.text)
    .text                                    0x000006a4   Section       12  libspace.o(.text)
    i.I2C_init                               0x000006b0   Section        0  i2c_communication.o(i.I2C_init)
    i.LidarRead_8bits                        0x00000728   Section        0  i2c_communication.o(i.LidarRead_8bits)
    i.LidarWrite_8bits                       0x0000088c   Section        0  i2c_communication.o(i.LidarWrite_8bits)
    i.Lidar_config                           0x00000958   Section        0  lidar.o(i.Lidar_config)
    i.Lidar_start_condition                  0x00000af8   Section        0  i2c_communication.o(i.Lidar_start_condition)
    i.Lidar_stop_condition                   0x00000b50   Section        0  i2c_communication.o(i.Lidar_stop_condition)
    i.T0isr                                  0x00000b6c   Section        0  timer.o(i.T0isr)
    i.U0Write                                0x00000bf0   Section        0  uart.o(i.U0Write)
    i.__ARM_common_call_via_r1               0x00000c18   Section        0  __printf.o(i.__ARM_common_call_via_r1)
    i.__ARM_common_call_via_r2               0x00000c1a   Section        0  __printf.o(i.__ARM_common_call_via_r2)
    i._is_digit                              0x00000c1c   Section        0  __printf_wp.o(i._is_digit)
    i._sys_exit                              0x00000c2c   Section        0  retarget.o(i._sys_exit)
    i.ferror                                 0x00000c34   Section        0  retarget.o(i.ferror)
    i.fputc                                  0x00000c40   Section        0  retarget.o(i.fputc)
    i.initTimer                              0x00000c5c   Section        0  timer.o(i.initTimer)
    i.initUART                               0x00000cc8   Section        0  uart.o(i.initUART)
    i.main                                   0x00000d30   Section        0  main.o(i.main)
    i.read_distance                          0x00000de8   Section        0  lidar.o(i.read_distance)
    i.setup_function                         0x00000eac   Section        0  main.o(i.setup_function)
    i.wait_for_response                      0x00000ec4   Section        0  i2c_communication.o(i.wait_for_response)
    .constdata                               0x00000f10   Section       40  _printf_hex_int.o(.constdata)
    uc_hextab                                0x00000f10   Data          20  _printf_hex_int.o(.constdata)
    lc_hextab                                0x00000f24   Data          20  _printf_hex_int.o(.constdata)
    .constdata                               0x00000f38   Section       17  __printf_flags_wp.o(.constdata)
    maptable                                 0x00000f38   Data          17  __printf_flags_wp.o(.constdata)
    .data                                    0x40000000   Section        6  main.o(.data)
    .data                                    0x40000008   Section        8  timer.o(.data)
    state                                    0x40000008   Data           4  timer.o(.data)
    .data                                    0x40000010   Section        4  retarget.o(.data)
    .bss                                     0x40000014   Section       96  libspace.o(.bss)
    HEAP                                     0x40000078   Section        0  startup.o(HEAP)
    STACK                                    0x40000078   Section     1160  startup.o(STACK)
    Heap_Mem                                 0x40000078   Data           0  startup.o(HEAP)
    Stack_Mem                                0x40000078   Data        1024  startup.o(STACK)
    Stack_Top                                0x40000500   Data           0  startup.o(STACK)

    Global Symbols

    Symbol Name                              Value     Ov Type        Size  Object(Section)

    BuildAttributes$$THM_ISAv1$ARM_ISAv4$S$PE$A:L22$X:L11$S22$IEEE1$IW$USESV6$~STKCKD$USESV7$~SHL$OSPACE$ROPI$EBA8$UX$STANDARDLIB$REQ8$PRES8$EABIv2 0x00000000   Number         0  anon$$obj.o ABSOLUTE
    __ARM_use_no_argv                        0x00000000   Number         0  main.o ABSOLUTE
    _printf_flags                            0x00000000   Number         0  printf_stubs.o ABSOLUTE
    _printf_return_value                     0x00000000   Number         0  printf_stubs.o ABSOLUTE
    _printf_sizespec                         0x00000000   Number         0  printf_stubs.o ABSOLUTE
    _printf_widthprec                        0x00000000   Number         0  printf_stubs.o ABSOLUTE
    __ARM_exceptions_init                     - Undefined Weak Reference
    __alloca_initialize                       - Undefined Weak Reference
    __arm_preinit_                            - Undefined Weak Reference
    __cpp_initialize__aeabi_                  - Undefined Weak Reference
    __cxa_finalize                            - Undefined Weak Reference
    __rt_locale                               - Undefined Weak Reference
    __sigvec_lookup                           - Undefined Weak Reference
    _atexit_init                              - Undefined Weak Reference
    _call_atexit_fns                          - Undefined Weak Reference
    _clock_init                               - Undefined Weak Reference
    _fp_trap_init                             - Undefined Weak Reference
    _fp_trap_shutdown                         - Undefined Weak Reference
    _get_lc_collate                           - Undefined Weak Reference
    _get_lc_ctype                             - Undefined Weak Reference
    _get_lc_monetary                          - Undefined Weak Reference
    _get_lc_numeric                           - Undefined Weak Reference
    _get_lc_time                              - Undefined Weak Reference
    _getenv_init                              - Undefined Weak Reference
    _handle_redirection                       - Undefined Weak Reference
    _init_alloc                               - Undefined Weak Reference
    _init_user_alloc                          - Undefined Weak Reference
    _initio                                   - Undefined Weak Reference
    _printf_truncate_signed                   - Undefined Weak Reference
    _printf_truncate_unsigned                 - Undefined Weak Reference
    _rand_init                                - Undefined Weak Reference
    _signal_finish                            - Undefined Weak Reference
    _signal_init                              - Undefined Weak Reference
    _terminate_alloc                          - Undefined Weak Reference
    _terminate_user_alloc                     - Undefined Weak Reference
    _terminateio                              - Undefined Weak Reference
    Reset_Handler                            0x00000058   ARM Code       0  startup.o(RESET)
    __main                                   0x000000f8   ARM Code       8  __main.o(!!!main)
    __scatterload                            0x00000100   ARM Code       0  __scatter.o(!!!scatter)
    __scatterload_rt2                        0x00000100   ARM Code      52  __scatter.o(!!!scatter)
    __scatterload_null                       0x00000114   ARM Code       0  __scatter.o(!!!scatter)
    __scatterload_copy                       0x0000013c   ARM Code      40  __scatter_copy.o(!!handler_copy)
    __scatterload_zeroinit                   0x00000164   ARM Code      44  __scatter_zi.o(!!handler_zi)
    Inline Thumb to ARM Veneer to _printf_percent 0x00000191   Thumb Code     4  _printf_percent.o(.ARM.Collect$$_printf_percent$$00000000)
    _printf_d                                0x00000194   ARM Code       0  _printf_d.o(.ARM.Collect$$_printf_percent$$00000009)
    _printf_percent                          0x00000194   ARM Code       0  _printf_percent.o(.ARM.Collect$$_printf_percent$$00000000)
    _printf_x                                0x0000019c   ARM Code       0  _printf_x.o(.ARM.Collect$$_printf_percent$$0000000C)
    _printf_percent_end                      0x000001a4   ARM Code       0  _printf_percent_end.o(.ARM.Collect$$_printf_percent$$00000017)
    Inline ARM to Thumb Veneer to __rt_lib_init 0x000001ac   ARM Code       8  libinit.o(.ARM.Collect$$libinit$$00000000)
    __rt_lib_init                            0x000001b5   Thumb Code     0  libinit.o(.ARM.Collect$$libinit$$00000000)
    __rt_lib_init_alloca_1                   0x000001b7   Thumb Code     0  libinit2.o(.ARM.Collect$$libinit$$0000002E)
    __rt_lib_init_argv_1                     0x000001b7   Thumb Code     0  libinit2.o(.ARM.Collect$$libinit$$0000002C)
    __rt_lib_init_atexit_1                   0x000001b7   Thumb Code     0  libinit2.o(.ARM.Collect$$libinit$$0000001B)
    __rt_lib_init_clock_1                    0x000001b7   Thumb Code     0  libinit2.o(.ARM.Collect$$libinit$$00000021)
    __rt_lib_init_cpp_1                      0x000001b7   Thumb Code     0  libinit2.o(.ARM.Collect$$libinit$$00000032)
    __rt_lib_init_exceptions_1               0x000001b7   Thumb Code     0  libinit2.o(.ARM.Collect$$libinit$$00000030)
    __rt_lib_init_fp_1                       0x000001b7   Thumb Code     0  libinit2.o(.ARM.Collect$$libinit$$00000002)
    __rt_lib_init_fp_trap_1                  0x000001b7   Thumb Code     0  libinit2.o(.ARM.Collect$$libinit$$0000001F)
    __rt_lib_init_getenv_1                   0x000001b7   Thumb Code     0  libinit2.o(.ARM.Collect$$libinit$$00000023)
    __rt_lib_init_heap_1                     0x000001b7   Thumb Code     0  libinit2.o(.ARM.Collect$$libinit$$0000000A)
    __rt_lib_init_lc_collate_1               0x000001b7   Thumb Code     0  libinit2.o(.ARM.Collect$$libinit$$00000011)
    __rt_lib_init_lc_ctype_1                 0x000001b7   Thumb Code     0  libinit2.o(.ARM.Collect$$libinit$$00000013)
    __rt_lib_init_lc_monetary_1              0x000001b7   Thumb Code     0  libinit2.o(.ARM.Collect$$libinit$$00000015)
    __rt_lib_init_lc_numeric_1               0x000001b7   Thumb Code     0  libinit2.o(.ARM.Collect$$libinit$$00000017)
    __rt_lib_init_lc_time_1                  0x000001b7   Thumb Code     0  libinit2.o(.ARM.Collect$$libinit$$00000019)
    __rt_lib_init_preinit_1                  0x000001b7   Thumb Code     0  libinit2.o(.ARM.Collect$$libinit$$00000004)
    __rt_lib_init_rand_1                     0x000001b7   Thumb Code     0  libinit2.o(.ARM.Collect$$libinit$$0000000E)
    __rt_lib_init_return                     0x000001b7   Thumb Code     0  libinit2.o(.ARM.Collect$$libinit$$00000033)
    __rt_lib_init_signal_1                   0x000001b7   Thumb Code     0  libinit2.o(.ARM.Collect$$libinit$$0000001D)
    __rt_lib_init_stdio_1                    0x000001b7   Thumb Code     0  libinit2.o(.ARM.Collect$$libinit$$00000025)
    __rt_lib_init_user_alloc_1               0x000001b7   Thumb Code     0  libinit2.o(.ARM.Collect$$libinit$$0000000C)
    Inline ARM to Thumb Veneer to __rt_lib_shutdown 0x000001c4   ARM Code       8  libshutdown.o(.ARM.Collect$$libshutdown$$00000000)
    __rt_lib_shutdown                        0x000001cd   Thumb Code     0  libshutdown.o(.ARM.Collect$$libshutdown$$00000000)
    __rt_lib_shutdown_cpp_1                  0x000001d1   Thumb Code     0  libshutdown2.o(.ARM.Collect$$libshutdown$$00000002)
    __rt_lib_shutdown_fp_trap_1              0x000001d1   Thumb Code     0  libshutdown2.o(.ARM.Collect$$libshutdown$$00000007)
    __rt_lib_shutdown_heap_1                 0x000001d1   Thumb Code     0  libshutdown2.o(.ARM.Collect$$libshutdown$$0000000F)
    __rt_lib_shutdown_return                 0x000001d1   Thumb Code     0  libshutdown2.o(.ARM.Collect$$libshutdown$$00000010)
    __rt_lib_shutdown_signal_1               0x000001d1   Thumb Code     0  libshutdown2.o(.ARM.Collect$$libshutdown$$0000000A)
    __rt_lib_shutdown_stdio_1                0x000001d1   Thumb Code     0  libshutdown2.o(.ARM.Collect$$libshutdown$$00000004)
    __rt_lib_shutdown_user_alloc_1           0x000001d1   Thumb Code     0  libshutdown2.o(.ARM.Collect$$libshutdown$$0000000C)
    __rt_entry                               0x000001d8   ARM Code       0  __rtentry.o(.ARM.Collect$$rtentry$$00000000)
    __rt_entry_presh_1                       0x000001d8   ARM Code       0  __rtentry2.o(.ARM.Collect$$rtentry$$00000002)
    __rt_entry_sh                            0x000001d8   ARM Code       0  __rtentry4.o(.ARM.Collect$$rtentry$$00000004)
    __rt_entry_li                            0x000001e0   ARM Code       0  __rtentry2.o(.ARM.Collect$$rtentry$$0000000A)
    __rt_entry_postsh_1                      0x000001e0   ARM Code       0  __rtentry2.o(.ARM.Collect$$rtentry$$00000009)
    __rt_entry_main                          0x000001e4   ARM Code       0  __rtentry2.o(.ARM.Collect$$rtentry$$0000000D)
    __rt_entry_postli_1                      0x000001e4   ARM Code       0  __rtentry2.o(.ARM.Collect$$rtentry$$0000000C)
    Inline Thumb to ARM Veneer to __rt_exit  0x0000020d   Thumb Code     4  rtexit.o(.ARM.Collect$$rtexit$$00000000)
    __rt_exit                                0x00000210   ARM Code       0  rtexit.o(.ARM.Collect$$rtexit$$00000000)
    __rt_exit_ls                             0x00000214   ARM Code       0  rtexit2.o(.ARM.Collect$$rtexit$$00000003)
    __rt_exit_prels_1                        0x00000214   ARM Code       0  rtexit2.o(.ARM.Collect$$rtexit$$00000002)
    __rt_exit_exit                           0x00000218   ARM Code       0  rtexit2.o(.ARM.Collect$$rtexit$$00000004)
    __user_initial_stackheap                 0x00000220   ARM Code       0  startup.o(.text)
    __I$use$semihosting                      0x00000240   ARM Code       0  use_no_semi.o(.text)
    __use_no_semihosting_swi                 0x00000240   ARM Code       4  use_no_semi.o(.text)
    Inline ARM to Thumb Veneer to __2printf  0x00000244   ARM Code       8  noretval__2printf.o(.text)
    __2printf                                0x0000024d   Thumb Code    22  noretval__2printf.o(.text)
    _printf_pre_padding                      0x00000269   Thumb Code    50  _printf_pad.o(.text)
    _printf_post_padding                     0x0000029b   Thumb Code    36  _printf_pad.o(.text)
    Inline ARM to Thumb Veneer to _printf_int_dec 0x000002c0   ARM Code       8  _printf_dec.o(.text)
    _printf_int_dec                          0x000002c9   Thumb Code    94  _printf_dec.o(.text)
    Inline ARM to Thumb Veneer to _printf_int_hex 0x00000338   ARM Code       8  _printf_hex_int.o(.text)
    _printf_int_hex                          0x00000341   Thumb Code    88  _printf_hex_int.o(.text)
    _printf_longlong_hex                     0x00000341   Thumb Code     0  _printf_hex_int.o(.text)
    __printf                                 0x0000039d   Thumb Code   322  __printf_flags_wp.o(.text)
    __use_two_region_memory                  0x000004e5   Thumb Code     2  heapauxi.o(.text)
    __rt_heap_escrow$2region                 0x000004e7   Thumb Code     2  heapauxi.o(.text)
    __rt_heap_expand$2region                 0x000004e9   Thumb Code     2  heapauxi.o(.text)
    _printf_int_common                       0x000004eb   Thumb Code   186  _printf_intcommon.o(.text)
    _printf_char_file                        0x000005a5   Thumb Code    38  _printf_char_file.o(.text)
    Inline Thumb to ARM Veneer to __rt_udiv10 0x000005d1   Thumb Code     4  rtudiv10.o(.text)
    __rt_udiv10                              0x000005d4   ARM Code      44  rtudiv10.o(.text)
    _printf_char_common                      0x0000060b   Thumb Code    34  _printf_char_common.o(.text)
    __user_setup_stackheap                   0x00000630   ARM Code      96  sys_stackheap_outer.o(.text)
    exit                                     0x00000691   Thumb Code    20  exit.o(.text)
    __user_libspace                          0x000006a4   ARM Code      12  libspace.o(.text)
    __user_perproc_libspace                  0x000006a4   ARM Code       0  libspace.o(.text)
    __user_perthread_libspace                0x000006a4   ARM Code       0  libspace.o(.text)
    I2C_init                                 0x000006b0   ARM Code     116  i2c_communication.o(i.I2C_init)
    LidarRead_8bits                          0x00000728   ARM Code     240  i2c_communication.o(i.LidarRead_8bits)
    LidarWrite_8bits                         0x0000088c   ARM Code     144  i2c_communication.o(i.LidarWrite_8bits)
    Lidar_config                             0x00000958   ARM Code     416  lidar.o(i.Lidar_config)
    Lidar_start_condition                    0x00000af8   ARM Code      84  i2c_communication.o(i.Lidar_start_condition)
    Lidar_stop_condition                     0x00000b50   ARM Code      24  i2c_communication.o(i.Lidar_stop_condition)
    T0isr                                    0x00000b6c   ARM Code     120  timer.o(i.T0isr)
    U0Write                                  0x00000bf0   ARM Code      36  uart.o(i.U0Write)
    __ARM_common_call_via_r1                 0x00000c19   Thumb Code     2  __printf.o(i.__ARM_common_call_via_r1)
    __ARM_common_call_via_r2                 0x00000c1b   Thumb Code     2  __printf.o(i.__ARM_common_call_via_r2)
    _is_digit                                0x00000c1d   Thumb Code    14  __printf_wp.o(i._is_digit)
    _sys_exit                                0x00000c2c   ARM Code       4  retarget.o(i._sys_exit)
    Inline Thumb to ARM Veneer to ferror     0x00000c31   Thumb Code     4  retarget.o(i.ferror)
    ferror                                   0x00000c34   ARM Code      12  retarget.o(i.ferror)
    fputc                                    0x00000c40   ARM Code      28  retarget.o(i.fputc)
    initTimer                                0x00000c5c   ARM Code     104  timer.o(i.initTimer)
    initUART                                 0x00000cc8   ARM Code     100  uart.o(i.initUART)
    main                                     0x00000d30   ARM Code     124  main.o(i.main)
    read_distance                            0x00000de8   ARM Code     156  lidar.o(i.read_distance)
    setup_function                           0x00000eac   ARM Code      24  main.o(i.setup_function)
    wait_for_response                        0x00000ec4   ARM Code      68  i2c_communication.o(i.wait_for_response)
    Region$$Table$$Base                      0x00000f4c   Number         0  anon$$obj.o(Region$$Table)
    Region$$Table$$Limit                     0x00000f6c   Number         0  anon$$obj.o(Region$$Table)
    i                                        0x40000000   Data           4  main.o(.data)
    distance_lidar_hex                       0x40000004   Data           2  main.o(.data)
    x                                        0x4000000c   Data           4  timer.o(.data)
    __stdout                                 0x40000010   Data           4  retarget.o(.data)
    __libspace_start                         0x40000014   Data          96  libspace.o(.bss)
    __temporary_stack_top$libspace           0x40000074   Data           0  libspace.o(.bss)



==============================================================================

Memory Map of the image

  Image Entry point : 0x000000f8

  Load Region LR_IROM1 (Base: 0x00000000, Size: 0x00000f80, Max: 0x00040000, ABSOLUTE)

    Execution Region ER_IROM1 (Exec base: 0x00000000, Load base: 0x00000000, Size: 0x00000f6c, Max: 0x00040000, ABSOLUTE)

    Exec Addr    Load Addr    Size         Type   Attr      Idx    E Section Name        Object

    0x00000000   0x00000000   0x000000f8   Code   RO            3    RESET               startup.o
    0x000000f8   0x000000f8   0x00000008   Code   RO          305  * !!!main             c_t.l(__main.o)
    0x00000100   0x00000100   0x0000003c   Code   RO          471    !!!scatter          c_t.l(__scatter.o)
    0x0000013c   0x0000013c   0x00000028   Code   RO          473    !!handler_copy      c_t.l(__scatter_copy.o)
    0x00000164   0x00000164   0x0000002c   Code   RO          475    !!handler_zi        c_t.l(__scatter_zi.o)
    0x00000190   0x00000190   0x00000004   Ven    RO          302    .ARM.Collect$$_printf_percent$$00000000  c_t.l(_printf_percent.o)
    0x00000194   0x00000194   0x00000000   Code   RO          302    .ARM.Collect$$_printf_percent$$00000000  c_t.l(_printf_percent.o)
    0x00000194   0x00000194   0x00000008   Code   RO          301    .ARM.Collect$$_printf_percent$$00000009  c_t.l(_printf_d.o)
    0x0000019c   0x0000019c   0x00000008   Code   RO          300    .ARM.Collect$$_printf_percent$$0000000C  c_t.l(_printf_x.o)
    0x000001a4   0x000001a4   0x00000008   Code   RO          312    .ARM.Collect$$_printf_percent$$00000017  c_t.l(_printf_percent_end.o)
    0x000001ac   0x000001ac   0x00000008   Ven    RO          347    .ARM.Collect$$libinit$$00000000  c_t.l(libinit.o)
    0x000001b4   0x000001b4   0x00000002   Code   RO          347    .ARM.Collect$$libinit$$00000000  c_t.l(libinit.o)
    0x000001b6   0x000001b6   0x00000000   Code   RO          354    .ARM.Collect$$libinit$$00000002  c_t.l(libinit2.o)
    0x000001b6   0x000001b6   0x00000000   Code   RO          356    .ARM.Collect$$libinit$$00000004  c_t.l(libinit2.o)
    0x000001b6   0x000001b6   0x00000000   Code   RO          359    .ARM.Collect$$libinit$$0000000A  c_t.l(libinit2.o)
    0x000001b6   0x000001b6   0x00000000   Code   RO          361    .ARM.Collect$$libinit$$0000000C  c_t.l(libinit2.o)
    0x000001b6   0x000001b6   0x00000000   Code   RO          363    .ARM.Collect$$libinit$$0000000E  c_t.l(libinit2.o)
    0x000001b6   0x000001b6   0x00000000   Code   RO          366    .ARM.Collect$$libinit$$00000011  c_t.l(libinit2.o)
    0x000001b6   0x000001b6   0x00000000   Code   RO          368    .ARM.Collect$$libinit$$00000013  c_t.l(libinit2.o)
    0x000001b6   0x000001b6   0x00000000   Code   RO          370    .ARM.Collect$$libinit$$00000015  c_t.l(libinit2.o)
    0x000001b6   0x000001b6   0x00000000   Code   RO          372    .ARM.Collect$$libinit$$00000017  c_t.l(libinit2.o)
    0x000001b6   0x000001b6   0x00000000   Code   RO          374    .ARM.Collect$$libinit$$00000019  c_t.l(libinit2.o)
    0x000001b6   0x000001b6   0x00000000   Code   RO          376    .ARM.Collect$$libinit$$0000001B  c_t.l(libinit2.o)
    0x000001b6   0x000001b6   0x00000000   Code   RO          378    .ARM.Collect$$libinit$$0000001D  c_t.l(libinit2.o)
    0x000001b6   0x000001b6   0x00000000   Code   RO          380    .ARM.Collect$$libinit$$0000001F  c_t.l(libinit2.o)
    0x000001b6   0x000001b6   0x00000000   Code   RO          382    .ARM.Collect$$libinit$$00000021  c_t.l(libinit2.o)
    0x000001b6   0x000001b6   0x00000000   Code   RO          384    .ARM.Collect$$libinit$$00000023  c_t.l(libinit2.o)
    0x000001b6   0x000001b6   0x00000000   Code   RO          386    .ARM.Collect$$libinit$$00000025  c_t.l(libinit2.o)
    0x000001b6   0x000001b6   0x00000000   Code   RO          390    .ARM.Collect$$libinit$$0000002C  c_t.l(libinit2.o)
    0x000001b6   0x000001b6   0x00000000   Code   RO          392    .ARM.Collect$$libinit$$0000002E  c_t.l(libinit2.o)
    0x000001b6   0x000001b6   0x00000000   Code   RO          394    .ARM.Collect$$libinit$$00000030  c_t.l(libinit2.o)
    0x000001b6   0x000001b6   0x00000000   Code   RO          396    .ARM.Collect$$libinit$$00000032  c_t.l(libinit2.o)
    0x000001b6   0x000001b6   0x0000000c   Code   RO          397    .ARM.Collect$$libinit$$00000033  c_t.l(libinit2.o)
    0x000001c2   0x000001c2   0x00000002   PAD
    0x000001c4   0x000001c4   0x00000008   Ven    RO          415    .ARM.Collect$$libshutdown$$00000000  c_t.l(libshutdown.o)
    0x000001cc   0x000001cc   0x00000004   Code   RO          415    .ARM.Collect$$libshutdown$$00000000  c_t.l(libshutdown.o)
    0x000001d0   0x000001d0   0x00000000   Code   RO          425    .ARM.Collect$$libshutdown$$00000002  c_t.l(libshutdown2.o)
    0x000001d0   0x000001d0   0x00000000   Code   RO          427    .ARM.Collect$$libshutdown$$00000004  c_t.l(libshutdown2.o)
    0x000001d0   0x000001d0   0x00000000   Code   RO          430    .ARM.Collect$$libshutdown$$00000007  c_t.l(libshutdown2.o)
    0x000001d0   0x000001d0   0x00000000   Code   RO          433    .ARM.Collect$$libshutdown$$0000000A  c_t.l(libshutdown2.o)
    0x000001d0   0x000001d0   0x00000000   Code   RO          435    .ARM.Collect$$libshutdown$$0000000C  c_t.l(libshutdown2.o)
    0x000001d0   0x000001d0   0x00000000   Code   RO          438    .ARM.Collect$$libshutdown$$0000000F  c_t.l(libshutdown2.o)
    0x000001d0   0x000001d0   0x00000006   Code   RO          439    .ARM.Collect$$libshutdown$$00000010  c_t.l(libshutdown2.o)
    0x000001d6   0x000001d6   0x00000002   PAD
    0x000001d8   0x000001d8   0x00000000   Code   RO          307    .ARM.Collect$$rtentry$$00000000  c_t.l(__rtentry.o)
    0x000001d8   0x000001d8   0x00000000   Code   RO          316    .ARM.Collect$$rtentry$$00000002  c_t.l(__rtentry2.o)
    0x000001d8   0x000001d8   0x00000008   Code   RO          328    .ARM.Collect$$rtentry$$00000004  c_t.l(__rtentry4.o)
    0x000001e0   0x000001e0   0x00000000   Code   RO          318    .ARM.Collect$$rtentry$$00000009  c_t.l(__rtentry2.o)
    0x000001e0   0x000001e0   0x00000004   Code   RO          319    .ARM.Collect$$rtentry$$0000000A  c_t.l(__rtentry2.o)
    0x000001e4   0x000001e4   0x00000000   Code   RO          321    .ARM.Collect$$rtentry$$0000000C  c_t.l(__rtentry2.o)
    0x000001e4   0x000001e4   0x00000028   Code   RO          322    .ARM.Collect$$rtentry$$0000000D  c_t.l(__rtentry2.o)
    0x0000020c   0x0000020c   0x00000004   Ven    RO          351    .ARM.Collect$$rtexit$$00000000  c_t.l(rtexit.o)
    0x00000210   0x00000210   0x00000004   Code   RO          351    .ARM.Collect$$rtexit$$00000000  c_t.l(rtexit.o)
    0x00000214   0x00000214   0x00000000   Code   RO          399    .ARM.Collect$$rtexit$$00000002  c_t.l(rtexit2.o)
    0x00000214   0x00000214   0x00000004   Code   RO          400    .ARM.Collect$$rtexit$$00000003  c_t.l(rtexit2.o)
    0x00000218   0x00000218   0x00000008   Code   RO          401    .ARM.Collect$$rtexit$$00000004  c_t.l(rtexit2.o)
    0x00000220   0x00000220   0x00000020   Code   RO            4    .text               startup.o
    0x00000240   0x00000240   0x00000004   Code   RO          243    .text               c_t.l(use_no_semi.o)
    0x00000244   0x00000244   0x00000008   Ven    RO          247    .text               c_t.l(noretval__2printf.o)
    0x0000024c   0x0000024c   0x0000001c   Code   RO          247    .text               c_t.l(noretval__2printf.o)
    0x00000268   0x00000268   0x00000056   Code   RO          255    .text               c_t.l(_printf_pad.o)
    0x000002be   0x000002be   0x00000002   PAD
    0x000002c0   0x000002c0   0x00000008   Ven    RO          257    .text               c_t.l(_printf_dec.o)
    0x000002c8   0x000002c8   0x00000070   Code   RO          257    .text               c_t.l(_printf_dec.o)
    0x00000338   0x00000338   0x00000008   Ven    RO          262    .text               c_t.l(_printf_hex_int.o)
    0x00000340   0x00000340   0x0000005c   Code   RO          262    .text               c_t.l(_printf_hex_int.o)
    0x0000039c   0x0000039c   0x00000148   Code   RO          292    .text               c_t.l(__printf_flags_wp.o)
    0x000004e4   0x000004e4   0x00000006   Code   RO          303    .text               c_t.l(heapauxi.o)
    0x000004ea   0x000004ea   0x000000ba   Code   RO          308    .text               c_t.l(_printf_intcommon.o)
    0x000005a4   0x000005a4   0x0000002c   Code   RO          310    .text               c_t.l(_printf_char_file.o)
    0x000005d0   0x000005d0   0x00000004   Ven    RO          313    .text               c_t.l(rtudiv10.o)
    0x000005d4   0x000005d4   0x0000002c   Code   RO          313    .text               c_t.l(rtudiv10.o)
    0x00000600   0x00000600   0x00000030   Code   RO          330    .text               c_t.l(_printf_char_common.o)
    0x00000630   0x00000630   0x00000060   Code   RO          332    .text               c_t.l(sys_stackheap_outer.o)
    0x00000690   0x00000690   0x00000014   Code   RO          340    .text               c_t.l(exit.o)
    0x000006a4   0x000006a4   0x0000000c   Code   RO          348    .text               c_t.l(libspace.o)
    0x000006b0   0x000006b0   0x00000078   Code   RO          127    i.I2C_init          i2c_communication.o
    0x00000728   0x00000728   0x00000164   Code   RO          128    i.LidarRead_8bits   i2c_communication.o
    0x0000088c   0x0000088c   0x000000cc   Code   RO          129    i.LidarWrite_8bits  i2c_communication.o
    0x00000958   0x00000958   0x000001a0   Code   RO          216    i.Lidar_config      lidar.o
    0x00000af8   0x00000af8   0x00000058   Code   RO          130    i.Lidar_start_condition  i2c_communication.o
    0x00000b50   0x00000b50   0x0000001c   Code   RO          131    i.Lidar_stop_condition  i2c_communication.o
    0x00000b6c   0x00000b6c   0x00000084   Code   RO           68    i.T0isr             timer.o
    0x00000bf0   0x00000bf0   0x00000028   Code   RO          100    i.U0Write           uart.o
    0x00000c18   0x00000c18   0x00000002   Code   RO          253    i.__ARM_common_call_via_r1  c_t.l(__printf.o)
    0x00000c1a   0x00000c1a   0x00000002   Code   RO          251    i.__ARM_common_call_via_r2  c_t.l(__printf.o)
    0x00000c1c   0x00000c1c   0x0000000e   Code   RO          290    i._is_digit         c_t.l(__printf_wp.o)
    0x00000c2a   0x00000c2a   0x00000002   PAD
    0x00000c2c   0x00000c2c   0x00000004   Code   RO          173    i._sys_exit         retarget.o
    0x00000c30   0x00000c30   0x00000004   Ven    RO          175    i.ferror            retarget.o
    0x00000c34   0x00000c34   0x0000000c   Code   RO          175    i.ferror            retarget.o
    0x00000c40   0x00000c40   0x0000001c   Code   RO          176    i.fputc             retarget.o
    0x00000c5c   0x00000c5c   0x0000006c   Code   RO           70    i.initTimer         timer.o
    0x00000cc8   0x00000cc8   0x00000068   Code   RO          101    i.initUART          uart.o
    0x00000d30   0x00000d30   0x000000b8   Code   RO           12    i.main              main.o
    0x00000de8   0x00000de8   0x000000c4   Code   RO          217    i.read_distance     lidar.o
    0x00000eac   0x00000eac   0x00000018   Code   RO           13    i.setup_function    main.o
    0x00000ec4   0x00000ec4   0x0000004c   Code   RO          132    i.wait_for_response  i2c_communication.o
    0x00000f10   0x00000f10   0x00000028   Data   RO          263    .constdata          c_t.l(_printf_hex_int.o)
    0x00000f38   0x00000f38   0x00000011   Data   RO          293    .constdata          c_t.l(__printf_flags_wp.o)
    0x00000f49   0x00000f49   0x00000003   PAD
    0x00000f4c   0x00000f4c   0x00000020   Data   RO          469    Region$$Table       anon$$obj.o


    Execution Region RW_IRAM1 (Exec base: 0x40000000, Load base: 0x00000f6c, Size: 0x00000500, Max: 0x00004000, ABSOLUTE)

    Exec Addr    Load Addr    Size         Type   Attr      Idx    E Section Name        Object

    0x40000000   0x00000f6c   0x00000006   Data   RW           14    .data               main.o
    0x40000006   0x00000f72   0x00000002   PAD
    0x40000008   0x00000f74   0x00000008   Data   RW           71    .data               timer.o
    0x40000010   0x00000f7c   0x00000004   Data   RW          177    .data               retarget.o
    0x40000014        -       0x00000060   Zero   RW          349    .bss                c_t.l(libspace.o)
    0x40000074   0x00000f80   0x00000004   PAD
    0x40000078        -       0x00000000   Zero   RW            2    HEAP                startup.o
    0x40000078        -       0x00000488   Zero   RW            1    STACK               startup.o


==============================================================================

Image component sizes


      Code (inc. data)   RO Data    RW Data    ZI Data      Debug   Object Name

       872        196          0          0          0       3099   i2c_communication.o
       612         40          0          0          0       1739   lidar.o
       208         60          0          6          0       5547   main.o
        44          0          0          4          0       3151   retarget.o
       280         56          0          0       1160        508   startup.o
       240         16          0          8          0        976   timer.o
       144          8          0          0          0        793   uart.o

    ----------------------------------------------------------------------
      2404        376         32         20       1160      15813   Object Totals
         4          0         32          0          0          0   (incl. Generated)
         0          0          0          2          0          0   (incl. Padding)

    ----------------------------------------------------------------------

      Code (inc. data)   RO Data    RW Data    ZI Data      Debug   Library Member Name

         8          0          0          0          0         68   __main.o
         4          0          0          0          0        120   __printf.o
       328          6         17          0          0         92   __printf_flags_wp.o
        14          0          0          0          0         60   __printf_wp.o
         0          0          0          0          0          0   __rtentry.o
        44          4          0          0          0          0   __rtentry2.o
         8          0          0          0          0          0   __rtentry4.o
        60          8          0          0          0          0   __scatter.o
        40          0          0          0          0          0   __scatter_copy.o
        44          0          0          0          0          0   __scatter_zi.o
        48          4          0          0          0         96   _printf_char_common.o
        44          6          0          0          0         88   _printf_char_file.o
         8          0          0          0          0          0   _printf_d.o
       120         18          0          0          0         88   _printf_dec.o
       100          4         40          0          0         84   _printf_hex_int.o
       186          0          0          0          0         96   _printf_intcommon.o
        86          0          0          0          0        116   _printf_pad.o
         4          0          0          0          0          0   _printf_percent.o
         8          0          0          0          0          0   _printf_percent_end.o
         8          0          0          0          0          0   _printf_x.o
        20          0          0          0          0         80   exit.o
         6          0          0          0          0        136   heapauxi.o
        10          0          0          0          0          0   libinit.o
        12          0          0          0          0          0   libinit2.o
        12          0          0          0          0          0   libshutdown.o
         6          0          0          0          0          0   libshutdown2.o
        12          4          0          0         96         68   libspace.o
        36          6          0          0          0         84   noretval__2printf.o
         8          0          0          0          0          0   rtexit.o
        12          0          0          0          0          0   rtexit2.o
        48          0          0          0          0         68   rtudiv10.o
        96          0          0          0          0         80   sys_stackheap_outer.o
         4          0          0          0          0         68   use_no_semi.o

    ----------------------------------------------------------------------
      1452         60         60          0        100       1492   Library Totals
         8          0          3          0          4          0   (incl. Padding)

    ----------------------------------------------------------------------

      Code (inc. data)   RO Data    RW Data    ZI Data      Debug   Library Name

      1444         60         57          0         96       1492   c_t.l

    ----------------------------------------------------------------------
      1452         60         60          0        100       1492   Library Totals

    ----------------------------------------------------------------------

==============================================================================


      Code (inc. data)   RO Data    RW Data    ZI Data      Debug   

      3856        436         92         20       1260      16097   Grand Totals
      3856        436         92         20       1260      16097   ELF Image Totals
      3856        436         92         20          0          0   ROM Totals

==============================================================================

    Total RO  Size (Code + RO Data)                 3948 (   3.86kB)
    Total RW  Size (RW Data + ZI Data)              1280 (   1.25kB)
    Total ROM Size (Code + RO Data + RW Data)       3968 (   3.88kB)

==============================================================================

